2025-02-06 10:42:32 - File uploaded successfully
2025-02-06 10:44:45 - Commencing graceful shutdown. Waiting for active requests to complete
2025-02-06 10:44:45 - Graceful shutdown complete
2025-02-06 10:44:45 - Closing JPA EntityManagerFactory for persistence unit 'default'
2025-02-06 10:44:45 - HikariPool-1 - Shutdown initiated...
2025-02-06 10:44:45 - HikariPool-1 - Shutdown completed.
2025-02-06 10:44:49 - INFO  - Starting DriveApplication using Java 23.0.1 with PID 23648 (C:\Users\adity\OneDrive\Desktop\FinalProject11\publicDrive\FinalProject\backend\target\classes started by adity in C:\Users\adity\OneDrive\Desktop\FinalProject11\publicDrive\FinalProject\backend)
2025-02-06 10:44:49 - INFO  - No active profile set, falling back to 1 default profile: "default"
2025-02-06 10:44:49 - INFO  - Devtools property defaults active! Set 'spring.devtools.add-properties' to 'false' to disable
2025-02-06 10:44:49 - INFO  - For additional web related logging consider setting the 'logging.level.web' property to 'DEBUG'
2025-02-06 10:44:51 - INFO  - Bootstrapping Spring Data JPA repositories in DEFAULT mode.
2025-02-06 10:44:51 - INFO  - Finished Spring Data repository scanning in 136 ms. Found 4 JPA repository interfaces.
2025-02-06 10:44:52 - INFO  - Tomcat initialized with port 8081 (http)
2025-02-06 10:44:52 - INFO  - Initializing ProtocolHandler ["http-nio-0.0.0.0-8081"]
2025-02-06 10:44:52 - INFO  - Starting service [Tomcat]
2025-02-06 10:44:52 - INFO  - Starting Servlet engine: [Apache Tomcat/10.1.34]
2025-02-06 10:44:53 - INFO  - Initializing Spring embedded WebApplicationContext
2025-02-06 10:44:53 - INFO  - Root WebApplicationContext: initialization completed in 3548 ms
2025-02-06 10:44:53 - INFO  - HHH000204: Processing PersistenceUnitInfo [name: default]
2025-02-06 10:44:53 - INFO  - HHH000412: Hibernate ORM core version 6.6.5.Final
2025-02-06 10:44:53 - INFO  - HHH000026: Second-level cache disabled
2025-02-06 10:44:54 - INFO  - No LoadTimeWeaver setup: ignoring JPA class transformer
2025-02-06 10:44:54 - INFO  - HikariPool-1 - Starting...
2025-02-06 10:44:55 - INFO  - HikariPool-1 - Added connection com.mysql.cj.jdbc.ConnectionImpl@69b58d71
2025-02-06 10:44:55 - INFO  - HikariPool-1 - Start completed.
2025-02-06 10:44:55 - INFO  - HHH10001005: Database info:
	Database JDBC URL [Connecting through datasource 'HikariDataSource (HikariPool-1)']
	Database driver: undefined/unknown
	Database version: 8.0.40
	Autocommit mode: undefined/unknown
	Isolation level: undefined/unknown
	Minimum pool size: undefined/unknown
	Maximum pool size: undefined/unknown
2025-02-06 10:44:57 - INFO  - HHH000489: No JTA platform available (set 'hibernate.transaction.jta.platform' to enable JTA platform integration)
2025-02-06 10:44:57 - INFO  - Initialized JPA EntityManagerFactory for persistence unit 'default'
2025-02-06 10:44:57 - INFO  - Global AuthenticationManager configured with AuthenticationProvider bean with name authenticationProvider
2025-02-06 10:44:57 - WARN  - Global AuthenticationManager configured with an AuthenticationProvider bean. UserDetailsService beans will not be used by Spring Security for automatically configuring username/password login. Consider removing the AuthenticationProvider bean. Alternatively, consider using the UserDetailsService in a manually instantiated DaoAuthenticationProvider. If the current configuration is intentional, to turn off this warning, increase the logging level of 'org.springframework.security.config.annotation.authentication.configuration.InitializeUserDetailsBeanManagerConfigurer' to ERROR
2025-02-06 10:44:58 - WARN  - spring.jpa.open-in-view is enabled by default. Therefore, database queries may be performed during view rendering. Explicitly configure spring.jpa.open-in-view to disable this warning
2025-02-06 10:44:59 - INFO  - Failed to set up a Bean Validation provider: jakarta.validation.NoProviderFoundException: Unable to create a Configuration, because no Jakarta Bean Validation provider could be found. Add a provider like Hibernate Validator (RI) to your classpath.
2025-02-06 10:44:59 - INFO  - LiveReload server is running on port 35729
2025-02-06 10:44:59 - INFO  - Starting ProtocolHandler ["http-nio-0.0.0.0-8081"]
2025-02-06 10:44:59 - INFO  - Tomcat started on port 8081 (http) with context path '/'
2025-02-06 10:44:59 - INFO  - Started DriveApplication in 10.931 seconds (process running for 12.297)
2025-02-06 10:45:13 - INFO  - Initializing Spring DispatcherServlet 'dispatcherServlet'
2025-02-06 10:45:13 - INFO  - Initializing Servlet 'dispatcherServlet'
2025-02-06 10:45:13 - INFO  - Completed initialization in 1 ms
2025-02-06 10:45:13 - INFO  - File uploaded successfully
2025-02-06 10:50:57 - INFO  - Commencing graceful shutdown. Waiting for active requests to complete
2025-02-06 10:50:57 - INFO  - Graceful shutdown complete
2025-02-06 10:50:57 - INFO  - Closing JPA EntityManagerFactory for persistence unit 'default'
2025-02-06 10:50:57 - INFO  - HikariPool-1 - Shutdown initiated...
2025-02-06 10:50:57 - INFO  - HikariPool-1 - Shutdown completed.
2025-02-06 10:51:02 - INFO  - Starting DriveApplication using Java 23.0.1 with PID 24976 (C:\Users\adity\OneDrive\Desktop\FinalProject11\publicDrive\FinalProject\backend\target\classes started by adity in C:\Users\adity\OneDrive\Desktop\FinalProject11\publicDrive\FinalProject\backend)
2025-02-06 10:51:02 - INFO  - No active profile set, falling back to 1 default profile: "default"
2025-02-06 10:51:02 - INFO  - Devtools property defaults active! Set 'spring.devtools.add-properties' to 'false' to disable
2025-02-06 10:51:02 - INFO  - For additional web related logging consider setting the 'logging.level.web' property to 'DEBUG'
2025-02-06 10:51:04 - INFO  - Bootstrapping Spring Data JPA repositories in DEFAULT mode.
2025-02-06 10:51:04 - INFO  - Finished Spring Data repository scanning in 113 ms. Found 4 JPA repository interfaces.
2025-02-06 10:51:05 - INFO  - Tomcat initialized with port 8081 (http)
2025-02-06 10:51:05 - INFO  - Initializing ProtocolHandler ["http-nio-0.0.0.0-8081"]
2025-02-06 10:51:05 - INFO  - Starting service [Tomcat]
2025-02-06 10:51:05 - INFO  - Starting Servlet engine: [Apache Tomcat/10.1.34]
2025-02-06 10:51:05 - INFO  - Initializing Spring embedded WebApplicationContext
2025-02-06 10:51:05 - INFO  - Root WebApplicationContext: initialization completed in 3668 ms
2025-02-06 10:51:06 - INFO  - HHH000204: Processing PersistenceUnitInfo [name: default]
2025-02-06 10:51:06 - INFO  - HHH000412: Hibernate ORM core version 6.6.5.Final
2025-02-06 10:51:06 - INFO  - HHH000026: Second-level cache disabled
2025-02-06 10:51:06 - INFO  - No LoadTimeWeaver setup: ignoring JPA class transformer
2025-02-06 10:51:07 - INFO  - HikariPool-1 - Starting...
2025-02-06 10:51:07 - INFO  - HikariPool-1 - Added connection com.mysql.cj.jdbc.ConnectionImpl@5d6c0ade
2025-02-06 10:51:07 - INFO  - HikariPool-1 - Start completed.
2025-02-06 10:51:07 - INFO  - HHH10001005: Database info:
	Database JDBC URL [Connecting through datasource 'HikariDataSource (HikariPool-1)']
	Database driver: undefined/unknown
	Database version: 8.0.40
	Autocommit mode: undefined/unknown
	Isolation level: undefined/unknown
	Minimum pool size: undefined/unknown
	Maximum pool size: undefined/unknown
2025-02-06 10:51:09 - INFO  - HHH000489: No JTA platform available (set 'hibernate.transaction.jta.platform' to enable JTA platform integration)
2025-02-06 10:51:09 - INFO  - Initialized JPA EntityManagerFactory for persistence unit 'default'
2025-02-06 10:51:10 - INFO  - Global AuthenticationManager configured with AuthenticationProvider bean with name authenticationProvider
2025-02-06 10:51:10 - WARN  - Global AuthenticationManager configured with an AuthenticationProvider bean. UserDetailsService beans will not be used by Spring Security for automatically configuring username/password login. Consider removing the AuthenticationProvider bean. Alternatively, consider using the UserDetailsService in a manually instantiated DaoAuthenticationProvider. If the current configuration is intentional, to turn off this warning, increase the logging level of 'org.springframework.security.config.annotation.authentication.configuration.InitializeUserDetailsBeanManagerConfigurer' to ERROR
2025-02-06 10:51:11 - WARN  - spring.jpa.open-in-view is enabled by default. Therefore, database queries may be performed during view rendering. Explicitly configure spring.jpa.open-in-view to disable this warning
2025-02-06 10:51:11 - INFO  - Failed to set up a Bean Validation provider: jakarta.validation.NoProviderFoundException: Unable to create a Configuration, because no Jakarta Bean Validation provider could be found. Add a provider like Hibernate Validator (RI) to your classpath.
2025-02-06 10:51:12 - INFO  - LiveReload server is running on port 35729
2025-02-06 10:51:12 - INFO  - Tomcat started on port 8081 (http) with context path '/'
2025-02-06 10:51:12 - INFO  - Started DriveApplication in 11.137 seconds (process running for 12.503)
2025-02-06 10:51:12 - INFO  - Commencing graceful shutdown. Waiting for active requests to complete
2025-02-06 10:51:12 - INFO  - Graceful shutdown complete
2025-02-06 10:51:12 - INFO  - Closing JPA EntityManagerFactory for persistence unit 'default'
2025-02-06 10:51:12 - INFO  - HikariPool-1 - Shutdown initiated...
2025-02-06 10:51:12 - INFO  - HikariPool-1 - Shutdown completed.
2025-02-06 10:51:12 - WARN  - HikariPool-1 - Connection com.mysql.cj.jdbc.ConnectionImpl@5d6c0ade marked as broken because of SQLSTATE(08007), ErrorCode(0)
java.sql.SQLNonTransientConnectionException: Communications link failure during rollback(). Transaction resolution unknown.
	at com.mysql.cj.jdbc.exceptions.SQLError.createSQLException(SQLError.java:102)
	at com.mysql.cj.jdbc.exceptions.SQLError.createSQLException(SQLError.java:89)
	at com.mysql.cj.jdbc.exceptions.SQLError.createSQLException(SQLError.java:81)
	at com.mysql.cj.jdbc.exceptions.SQLError.createSQLException(SQLError.java:55)
	at com.mysql.cj.jdbc.ConnectionImpl.rollback(ConnectionImpl.java:1963)
	at com.zaxxer.hikari.pool.ProxyConnection.rollback(ProxyConnection.java:386)
	at com.zaxxer.hikari.pool.HikariProxyConnection.rollback(HikariProxyConnection.java)
	at org.hibernate.resource.jdbc.internal.AbstractLogicalConnectionImplementor.rollback(AbstractLogicalConnectionImplementor.java:127)
	at org.hibernate.resource.transaction.backend.jdbc.internal.JdbcResourceLocalTransactionCoordinatorImpl$TransactionDriverControlImpl.rollback(JdbcResourceLocalTransactionCoordinatorImpl.java:289)
	at org.hibernate.engine.transaction.internal.TransactionImpl.rollback(TransactionImpl.java:142)
	at org.springframework.orm.jpa.JpaTransactionManager.doRollback(JpaTransactionManager.java:589)
	at org.springframework.transaction.support.AbstractPlatformTransactionManager.processRollback(AbstractPlatformTransactionManager.java:897)
	at org.springframework.transaction.support.AbstractPlatformTransactionManager.rollback(AbstractPlatformTransactionManager.java:866)
	at org.springframework.transaction.interceptor.TransactionAspectSupport.completeTransactionAfterThrowing(TransactionAspectSupport.java:716)
	at org.springframework.transaction.interceptor.TransactionAspectSupport.invokeWithinTransaction(TransactionAspectSupport.java:384)
	at org.springframework.transaction.interceptor.TransactionInterceptor.invoke(TransactionInterceptor.java:119)
	at org.springframework.aop.framework.ReflectiveMethodInvocation.proceed(ReflectiveMethodInvocation.java:184)
	at org.springframework.dao.support.PersistenceExceptionTranslationInterceptor.invoke(PersistenceExceptionTranslationInterceptor.java:138)
	at org.springframework.aop.framework.ReflectiveMethodInvocation.proceed(ReflectiveMethodInvocation.java:184)
	at org.springframework.data.jpa.repository.support.CrudMethodMetadataPostProcessor$CrudMethodMetadataPopulatingMethodInterceptor.invoke(CrudMethodMetadataPostProcessor.java:165)
	at org.springframework.aop.framework.ReflectiveMethodInvocation.proceed(ReflectiveMethodInvocation.java:184)
	at org.springframework.aop.framework.JdkDynamicAopProxy.invoke(JdkDynamicAopProxy.java:223)
	at jdk.proxy4/jdk.proxy4.$Proxy136.count(Unknown Source)
	at cdac.acts.drive.dataentry.InitialAdminSetup.lambda$createAdminUser$0(InitialAdminSetup.java:25)
	at org.springframework.boot.SpringApplication.lambda$callRunner$5(SpringApplication.java:788)
	at org.springframework.util.function.ThrowingConsumer$1.acceptWithException(ThrowingConsumer.java:82)
	at org.springframework.util.function.ThrowingConsumer.accept(ThrowingConsumer.java:60)
	at org.springframework.util.function.ThrowingConsumer$1.accept(ThrowingConsumer.java:86)
	at org.springframework.boot.SpringApplication.callRunner(SpringApplication.java:796)
	at org.springframework.boot.SpringApplication.callRunner(SpringApplication.java:787)
	at org.springframework.boot.SpringApplication.lambda$callRunners$3(SpringApplication.java:772)
	at java.base/java.util.stream.ForEachOps$ForEachOp$OfRef.accept(ForEachOps.java:184)
	at java.base/java.util.stream.SortedOps$SizedRefSortingSink.end(SortedOps.java:357)
	at java.base/java.util.stream.AbstractPipeline.copyInto(AbstractPipeline.java:571)
	at java.base/java.util.stream.AbstractPipeline.wrapAndCopyInto(AbstractPipeline.java:560)
	at java.base/java.util.stream.ForEachOps$ForEachOp.evaluateSequential(ForEachOps.java:151)
	at java.base/java.util.stream.ForEachOps$ForEachOp$OfRef.evaluateSequential(ForEachOps.java:174)
	at java.base/java.util.stream.AbstractPipeline.evaluate(AbstractPipeline.java:265)
	at java.base/java.util.stream.ReferencePipeline.forEach(ReferencePipeline.java:636)
	at org.springframework.boot.SpringApplication.callRunners(SpringApplication.java:772)
	at org.springframework.boot.SpringApplication.run(SpringApplication.java:325)
	at org.springframework.boot.SpringApplication.run(SpringApplication.java:1361)
	at org.springframework.boot.SpringApplication.run(SpringApplication.java:1350)
	at cdac.acts.drive.DriveApplication.main(DriveApplication.java:10)
	at java.base/jdk.internal.reflect.DirectMethodHandleAccessor.invoke(DirectMethodHandleAccessor.java:103)
	at java.base/java.lang.reflect.Method.invoke(Method.java:580)
	at org.springframework.boot.devtools.restart.RestartLauncher.run(RestartLauncher.java:50)
2025-02-06 10:52:00 - INFO  - Starting DriveApplication using Java 23.0.1 with PID 8344 (C:\Users\adity\OneDrive\Desktop\FinalProject11\publicDrive\FinalProject\backend\target\classes started by adity in C:\Users\adity\OneDrive\Desktop\FinalProject11\publicDrive\FinalProject\backend)
2025-02-06 10:52:00 - INFO  - No active profile set, falling back to 1 default profile: "default"
2025-02-06 10:52:00 - INFO  - Devtools property defaults active! Set 'spring.devtools.add-properties' to 'false' to disable
2025-02-06 10:52:00 - INFO  - For additional web related logging consider setting the 'logging.level.web' property to 'DEBUG'
2025-02-06 10:52:02 - INFO  - Bootstrapping Spring Data JPA repositories in DEFAULT mode.
2025-02-06 10:52:02 - INFO  - Finished Spring Data repository scanning in 119 ms. Found 4 JPA repository interfaces.
2025-02-06 10:52:04 - INFO  - Tomcat initialized with port 8081 (http)
2025-02-06 10:52:04 - INFO  - Initializing ProtocolHandler ["http-nio-0.0.0.0-8081"]
2025-02-06 10:52:04 - INFO  - Starting service [Tomcat]
2025-02-06 10:52:04 - INFO  - Starting Servlet engine: [Apache Tomcat/10.1.34]
2025-02-06 10:52:04 - INFO  - Initializing Spring embedded WebApplicationContext
2025-02-06 10:52:04 - INFO  - Root WebApplicationContext: initialization completed in 3518 ms
2025-02-06 10:52:04 - INFO  - HHH000204: Processing PersistenceUnitInfo [name: default]
2025-02-06 10:52:04 - INFO  - HHH000412: Hibernate ORM core version 6.6.5.Final
2025-02-06 10:52:05 - INFO  - HHH000026: Second-level cache disabled
2025-02-06 10:52:05 - INFO  - No LoadTimeWeaver setup: ignoring JPA class transformer
2025-02-06 10:52:05 - INFO  - HikariPool-1 - Starting...
2025-02-06 10:52:06 - INFO  - HikariPool-1 - Added connection com.mysql.cj.jdbc.ConnectionImpl@5fa1cca8
2025-02-06 10:52:06 - INFO  - HikariPool-1 - Start completed.
2025-02-06 10:52:06 - INFO  - HHH10001005: Database info:
	Database JDBC URL [Connecting through datasource 'HikariDataSource (HikariPool-1)']
	Database driver: undefined/unknown
	Database version: 8.0.40
	Autocommit mode: undefined/unknown
	Isolation level: undefined/unknown
	Minimum pool size: undefined/unknown
	Maximum pool size: undefined/unknown
2025-02-06 10:52:08 - INFO  - HHH000489: No JTA platform available (set 'hibernate.transaction.jta.platform' to enable JTA platform integration)
2025-02-06 10:52:08 - INFO  - Initialized JPA EntityManagerFactory for persistence unit 'default'
2025-02-06 10:52:09 - INFO  - Global AuthenticationManager configured with AuthenticationProvider bean with name authenticationProvider
2025-02-06 10:52:09 - WARN  - Global AuthenticationManager configured with an AuthenticationProvider bean. UserDetailsService beans will not be used by Spring Security for automatically configuring username/password login. Consider removing the AuthenticationProvider bean. Alternatively, consider using the UserDetailsService in a manually instantiated DaoAuthenticationProvider. If the current configuration is intentional, to turn off this warning, increase the logging level of 'org.springframework.security.config.annotation.authentication.configuration.InitializeUserDetailsBeanManagerConfigurer' to ERROR
2025-02-06 10:52:09 - WARN  - spring.jpa.open-in-view is enabled by default. Therefore, database queries may be performed during view rendering. Explicitly configure spring.jpa.open-in-view to disable this warning
2025-02-06 10:52:10 - INFO  - Failed to set up a Bean Validation provider: jakarta.validation.NoProviderFoundException: Unable to create a Configuration, because no Jakarta Bean Validation provider could be found. Add a provider like Hibernate Validator (RI) to your classpath.
2025-02-06 10:52:10 - INFO  - LiveReload server is running on port 35729
2025-02-06 10:52:10 - INFO  - Starting ProtocolHandler ["http-nio-0.0.0.0-8081"]
2025-02-06 10:52:10 - INFO  - Tomcat started on port 8081 (http) with context path '/'
2025-02-06 10:52:10 - INFO  - Started DriveApplication in 10.799 seconds (process running for 12.232)
2025-02-06 11:16:33 - WARN  - HikariPool-1 - Thread starvation or clock leap detected (housekeeper delta=20m26s786ms914µs300ns).
2025-02-06 11:46:23 - WARN  - HikariPool-1 - Thread starvation or clock leap detected (housekeeper delta=23m19s970ms567µs200ns).
2025-02-06 11:46:57 - INFO  - Commencing graceful shutdown. Waiting for active requests to complete
2025-02-06 11:46:57 - INFO  - Graceful shutdown complete
2025-02-06 11:46:57 - INFO  - Closing JPA EntityManagerFactory for persistence unit 'default'
2025-02-06 11:46:57 - INFO  - HikariPool-1 - Shutdown initiated...
2025-02-06 11:46:57 - INFO  - HikariPool-1 - Shutdown completed.
2025-02-06 19:19:44 - INFO  - Starting DriveApplication using Java 23.0.1 with PID 13036 (C:\Users\adity\OneDrive\Desktop\FinalProject11\publicDrive\FinalProject\backend\target\classes started by adity in C:\Users\adity\OneDrive\Desktop\FinalProject11\publicDrive\FinalProject\backend)
2025-02-06 19:19:44 - INFO  - No active profile set, falling back to 1 default profile: "default"
2025-02-06 19:19:44 - INFO  - Devtools property defaults active! Set 'spring.devtools.add-properties' to 'false' to disable
2025-02-06 19:19:44 - INFO  - For additional web related logging consider setting the 'logging.level.web' property to 'DEBUG'
2025-02-06 19:19:45 - INFO  - Bootstrapping Spring Data JPA repositories in DEFAULT mode.
2025-02-06 19:19:45 - INFO  - Finished Spring Data repository scanning in 63 ms. Found 4 JPA repository interfaces.
2025-02-06 19:19:46 - INFO  - Tomcat initialized with port 8081 (http)
2025-02-06 19:19:46 - INFO  - Initializing ProtocolHandler ["http-nio-0.0.0.0-8081"]
2025-02-06 19:19:46 - INFO  - Starting service [Tomcat]
2025-02-06 19:19:46 - INFO  - Starting Servlet engine: [Apache Tomcat/10.1.34]
2025-02-06 19:19:46 - INFO  - Initializing Spring embedded WebApplicationContext
2025-02-06 19:19:46 - INFO  - Root WebApplicationContext: initialization completed in 1833 ms
2025-02-06 19:19:46 - INFO  - HHH000204: Processing PersistenceUnitInfo [name: default]
2025-02-06 19:19:46 - INFO  - HHH000412: Hibernate ORM core version 6.6.5.Final
2025-02-06 19:19:47 - INFO  - HHH000026: Second-level cache disabled
2025-02-06 19:19:47 - INFO  - No LoadTimeWeaver setup: ignoring JPA class transformer
2025-02-06 19:19:47 - INFO  - HikariPool-1 - Starting...
2025-02-06 19:19:47 - INFO  - HikariPool-1 - Added connection com.mysql.cj.jdbc.ConnectionImpl@47a041df
2025-02-06 19:19:47 - INFO  - HikariPool-1 - Start completed.
2025-02-06 19:19:47 - INFO  - HHH10001005: Database info:
	Database JDBC URL [Connecting through datasource 'HikariDataSource (HikariPool-1)']
	Database driver: undefined/unknown
	Database version: 8.0.40
	Autocommit mode: undefined/unknown
	Isolation level: undefined/unknown
	Minimum pool size: undefined/unknown
	Maximum pool size: undefined/unknown
2025-02-06 19:19:48 - INFO  - HHH000489: No JTA platform available (set 'hibernate.transaction.jta.platform' to enable JTA platform integration)
2025-02-06 19:19:48 - INFO  - Initialized JPA EntityManagerFactory for persistence unit 'default'
2025-02-06 19:19:49 - INFO  - Global AuthenticationManager configured with AuthenticationProvider bean with name authenticationProvider
2025-02-06 19:19:49 - WARN  - Global AuthenticationManager configured with an AuthenticationProvider bean. UserDetailsService beans will not be used by Spring Security for automatically configuring username/password login. Consider removing the AuthenticationProvider bean. Alternatively, consider using the UserDetailsService in a manually instantiated DaoAuthenticationProvider. If the current configuration is intentional, to turn off this warning, increase the logging level of 'org.springframework.security.config.annotation.authentication.configuration.InitializeUserDetailsBeanManagerConfigurer' to ERROR
2025-02-06 19:19:49 - WARN  - spring.jpa.open-in-view is enabled by default. Therefore, database queries may be performed during view rendering. Explicitly configure spring.jpa.open-in-view to disable this warning
2025-02-06 19:19:49 - INFO  - Failed to set up a Bean Validation provider: jakarta.validation.NoProviderFoundException: Unable to create a Configuration, because no Jakarta Bean Validation provider could be found. Add a provider like Hibernate Validator (RI) to your classpath.
2025-02-06 19:19:50 - INFO  - LiveReload server is running on port 35729
2025-02-06 19:19:50 - INFO  - Starting ProtocolHandler ["http-nio-0.0.0.0-8081"]
2025-02-06 19:19:50 - INFO  - Tomcat started on port 8081 (http) with context path '/'
2025-02-06 19:19:50 - INFO  - Started DriveApplication in 5.843 seconds (process running for 6.591)
2025-02-06 19:21:17 - INFO  - Initializing Spring DispatcherServlet 'dispatcherServlet'
2025-02-06 19:21:17 - INFO  - Initializing Servlet 'dispatcherServlet'
2025-02-06 19:21:17 - INFO  - Completed initialization in 2 ms
2025-02-06 19:22:44 - INFO  - File uploaded successfully
2025-02-06 19:45:27 - WARN  - HikariPool-1 - Thread starvation or clock leap detected (housekeeper delta=9m9s193ms259µs300ns).
2025-02-06 22:28:02 - WARN  - HikariPool-1 - Thread starvation or clock leap detected (housekeeper delta=2h1m34s285ms238µs).
2025-02-06 23:14:59 - WARN  - HikariPool-1 - Thread starvation or clock leap detected (housekeeper delta=5m56s829ms657µs300ns).
2025-02-07 01:28:20 - WARN  - HikariPool-1 - Thread starvation or clock leap detected (housekeeper delta=2m18s930ms591µs300ns).
2025-02-07 01:37:15 - WARN  - HikariPool-1 - Thread starvation or clock leap detected (housekeeper delta=4m54s759ms9µs100ns).
2025-02-07 01:44:02 - WARN  - HikariPool-1 - Thread starvation or clock leap detected (housekeeper delta=2m16s773ms152µs200ns).
2025-02-07 02:08:07 - WARN  - HikariPool-1 - Thread starvation or clock leap detected (housekeeper delta=1m5s53ms336µs500ns).
2025-02-07 02:51:57 - INFO  - Commencing graceful shutdown. Waiting for active requests to complete
2025-02-07 02:51:57 - INFO  - Graceful shutdown complete
2025-02-07 02:51:57 - INFO  - Closing JPA EntityManagerFactory for persistence unit 'default'
2025-02-07 02:51:57 - INFO  - HikariPool-1 - Shutdown initiated...
2025-02-07 02:51:57 - INFO  - HikariPool-1 - Shutdown completed.
2025-02-07 10:50:07 - INFO  - Starting DriveApplication using Java 23.0.1 with PID 28548 (C:\Users\adity\OneDrive\Desktop\FinalProject11\publicDrive\FinalProject\backend\target\classes started by adity in C:\Users\adity\OneDrive\Desktop\FinalProject11\publicDrive\FinalProject\backend)
2025-02-07 10:50:07 - INFO  - No active profile set, falling back to 1 default profile: "default"
2025-02-07 10:50:07 - INFO  - Devtools property defaults active! Set 'spring.devtools.add-properties' to 'false' to disable
2025-02-07 10:50:07 - INFO  - For additional web related logging consider setting the 'logging.level.web' property to 'DEBUG'
2025-02-07 10:50:09 - INFO  - Bootstrapping Spring Data JPA repositories in DEFAULT mode.
2025-02-07 10:50:09 - INFO  - Finished Spring Data repository scanning in 135 ms. Found 4 JPA repository interfaces.
2025-02-07 10:50:11 - INFO  - Tomcat initialized with port 8081 (http)
2025-02-07 10:50:11 - INFO  - Initializing ProtocolHandler ["http-nio-0.0.0.0-8081"]
2025-02-07 10:50:11 - INFO  - Starting service [Tomcat]
2025-02-07 10:50:11 - INFO  - Starting Servlet engine: [Apache Tomcat/10.1.34]
2025-02-07 10:50:11 - INFO  - Initializing Spring embedded WebApplicationContext
2025-02-07 10:50:11 - INFO  - Root WebApplicationContext: initialization completed in 3838 ms
2025-02-07 10:50:11 - INFO  - HHH000204: Processing PersistenceUnitInfo [name: default]
2025-02-07 10:50:11 - INFO  - HHH000412: Hibernate ORM core version 6.6.5.Final
2025-02-07 10:50:11 - INFO  - HHH000026: Second-level cache disabled
2025-02-07 10:50:12 - INFO  - No LoadTimeWeaver setup: ignoring JPA class transformer
2025-02-07 10:50:12 - INFO  - HikariPool-1 - Starting...
2025-02-07 10:50:13 - INFO  - HikariPool-1 - Added connection com.mysql.cj.jdbc.ConnectionImpl@5d3bc3ff
2025-02-07 10:50:13 - INFO  - HikariPool-1 - Start completed.
2025-02-07 10:50:13 - INFO  - HHH10001005: Database info:
	Database JDBC URL [Connecting through datasource 'HikariDataSource (HikariPool-1)']
	Database driver: undefined/unknown
	Database version: 8.0.40
	Autocommit mode: undefined/unknown
	Isolation level: undefined/unknown
	Minimum pool size: undefined/unknown
	Maximum pool size: undefined/unknown
2025-02-07 10:50:15 - INFO  - HHH000489: No JTA platform available (set 'hibernate.transaction.jta.platform' to enable JTA platform integration)
2025-02-07 10:50:15 - INFO  - Initialized JPA EntityManagerFactory for persistence unit 'default'
2025-02-07 10:50:16 - INFO  - Global AuthenticationManager configured with AuthenticationProvider bean with name authenticationProvider
2025-02-07 10:50:16 - WARN  - Global AuthenticationManager configured with an AuthenticationProvider bean. UserDetailsService beans will not be used by Spring Security for automatically configuring username/password login. Consider removing the AuthenticationProvider bean. Alternatively, consider using the UserDetailsService in a manually instantiated DaoAuthenticationProvider. If the current configuration is intentional, to turn off this warning, increase the logging level of 'org.springframework.security.config.annotation.authentication.configuration.InitializeUserDetailsBeanManagerConfigurer' to ERROR
2025-02-07 10:50:17 - WARN  - spring.jpa.open-in-view is enabled by default. Therefore, database queries may be performed during view rendering. Explicitly configure spring.jpa.open-in-view to disable this warning
2025-02-07 10:50:17 - INFO  - Failed to set up a Bean Validation provider: jakarta.validation.NoProviderFoundException: Unable to create a Configuration, because no Jakarta Bean Validation provider could be found. Add a provider like Hibernate Validator (RI) to your classpath.
2025-02-07 10:50:18 - INFO  - LiveReload server is running on port 35729
2025-02-07 10:50:18 - INFO  - Starting ProtocolHandler ["http-nio-0.0.0.0-8081"]
2025-02-07 10:50:18 - INFO  - Tomcat started on port 8081 (http) with context path '/'
2025-02-07 10:50:18 - INFO  - Started DriveApplication in 11.957 seconds (process running for 13.487)
2025-02-07 10:53:23 - INFO  - Initializing Spring DispatcherServlet 'dispatcherServlet'
2025-02-07 10:53:23 - INFO  - Initializing Servlet 'dispatcherServlet'
2025-02-07 10:53:23 - INFO  - Completed initialization in 2 ms
2025-02-07 10:58:32 - WARN  - HikariPool-1 - Thread starvation or clock leap detected (housekeeper delta=1m18s949ms936µs600ns).
2025-02-07 11:06:38 - WARN  - HikariPool-1 - Thread starvation or clock leap detected (housekeeper delta=3m5s802ms69µs900ns).
2025-02-07 15:09:22 - WARN  - HikariPool-1 - Thread starvation or clock leap detected (housekeeper delta=3h56m43s491ms689µs200ns).
2025-02-07 18:25:35 - WARN  - HikariPool-1 - Thread starvation or clock leap detected (housekeeper delta=3h16m19s104ms304µs).
2025-02-07 18:26:10 - INFO  - Commencing graceful shutdown. Waiting for active requests to complete
2025-02-07 18:26:10 - INFO  - Graceful shutdown complete
2025-02-07 18:26:10 - INFO  - Closing JPA EntityManagerFactory for persistence unit 'default'
2025-02-07 18:26:10 - INFO  - HikariPool-1 - Shutdown initiated...
2025-02-07 18:26:10 - INFO  - HikariPool-1 - Shutdown completed.
2025-02-09 12:11:23 - INFO  - Starting DriveApplication using Java 23.0.1 with PID 5296 (C:\Users\adity\OneDrive\Desktop\FinalProject11\publicDrive\FinalProject\backend\target\classes started by adity in C:\Users\adity\OneDrive\Desktop\FinalProject11\publicDrive\FinalProject\backend)
2025-02-09 12:11:23 - INFO  - No active profile set, falling back to 1 default profile: "default"
2025-02-09 12:11:23 - INFO  - Devtools property defaults active! Set 'spring.devtools.add-properties' to 'false' to disable
2025-02-09 12:11:23 - INFO  - For additional web related logging consider setting the 'logging.level.web' property to 'DEBUG'
2025-02-09 12:11:25 - INFO  - Bootstrapping Spring Data JPA repositories in DEFAULT mode.
2025-02-09 12:11:25 - INFO  - Finished Spring Data repository scanning in 141 ms. Found 4 JPA repository interfaces.
2025-02-09 12:11:27 - INFO  - Tomcat initialized with port 8081 (http)
2025-02-09 12:11:27 - INFO  - Initializing ProtocolHandler ["http-nio-0.0.0.0-8081"]
2025-02-09 12:11:27 - INFO  - Starting service [Tomcat]
2025-02-09 12:11:27 - INFO  - Starting Servlet engine: [Apache Tomcat/10.1.34]
2025-02-09 12:11:27 - INFO  - Initializing Spring embedded WebApplicationContext
2025-02-09 12:11:27 - INFO  - Root WebApplicationContext: initialization completed in 4214 ms
2025-02-09 12:11:27 - INFO  - HHH000204: Processing PersistenceUnitInfo [name: default]
2025-02-09 12:11:28 - INFO  - HHH000412: Hibernate ORM core version 6.6.5.Final
2025-02-09 12:11:28 - INFO  - HHH000026: Second-level cache disabled
2025-02-09 12:11:29 - INFO  - No LoadTimeWeaver setup: ignoring JPA class transformer
2025-02-09 12:11:29 - INFO  - HikariPool-1 - Starting...
2025-02-09 12:11:30 - INFO  - HikariPool-1 - Added connection com.mysql.cj.jdbc.ConnectionImpl@3ca3ed96
2025-02-09 12:11:30 - INFO  - HikariPool-1 - Start completed.
2025-02-09 12:11:31 - INFO  - HHH10001005: Database info:
	Database JDBC URL [Connecting through datasource 'HikariDataSource (HikariPool-1)']
	Database driver: undefined/unknown
	Database version: 8.0.40
	Autocommit mode: undefined/unknown
	Isolation level: undefined/unknown
	Minimum pool size: undefined/unknown
	Maximum pool size: undefined/unknown
2025-02-09 12:11:33 - INFO  - HHH000489: No JTA platform available (set 'hibernate.transaction.jta.platform' to enable JTA platform integration)
2025-02-09 12:11:34 - INFO  - Initialized JPA EntityManagerFactory for persistence unit 'default'
2025-02-09 12:11:35 - INFO  - Global AuthenticationManager configured with AuthenticationProvider bean with name authenticationProvider
2025-02-09 12:11:35 - WARN  - Global AuthenticationManager configured with an AuthenticationProvider bean. UserDetailsService beans will not be used by Spring Security for automatically configuring username/password login. Consider removing the AuthenticationProvider bean. Alternatively, consider using the UserDetailsService in a manually instantiated DaoAuthenticationProvider. If the current configuration is intentional, to turn off this warning, increase the logging level of 'org.springframework.security.config.annotation.authentication.configuration.InitializeUserDetailsBeanManagerConfigurer' to ERROR
2025-02-09 12:11:35 - WARN  - spring.jpa.open-in-view is enabled by default. Therefore, database queries may be performed during view rendering. Explicitly configure spring.jpa.open-in-view to disable this warning
2025-02-09 12:11:36 - INFO  - Failed to set up a Bean Validation provider: jakarta.validation.NoProviderFoundException: Unable to create a Configuration, because no Jakarta Bean Validation provider could be found. Add a provider like Hibernate Validator (RI) to your classpath.
2025-02-09 12:11:37 - INFO  - LiveReload server is running on port 35729
2025-02-09 12:11:37 - INFO  - Starting ProtocolHandler ["http-nio-0.0.0.0-8081"]
2025-02-09 12:11:37 - INFO  - Tomcat started on port 8081 (http) with context path '/'
2025-02-09 12:11:37 - INFO  - Started DriveApplication in 15.225 seconds (process running for 17.004)
2025-02-09 12:14:51 - INFO  - Initializing Spring DispatcherServlet 'dispatcherServlet'
2025-02-09 12:14:51 - INFO  - Initializing Servlet 'dispatcherServlet'
2025-02-09 12:14:51 - INFO  - Completed initialization in 2 ms
2025-02-09 12:21:01 - INFO  - File uploaded successfully
2025-02-09 12:32:23 - WARN  - HikariPool-1 - Thread starvation or clock leap detected (housekeeper delta=3m22s400ms701µs).
2025-02-09 12:43:26 - WARN  - HikariPool-1 - Thread starvation or clock leap detected (housekeeper delta=2m3s105ms640µs600ns).
2025-02-09 13:11:36 - WARN  - HikariPool-1 - Thread starvation or clock leap detected (housekeeper delta=25m9s934ms21µs200ns).
2025-02-09 15:10:35 - INFO  - Commencing graceful shutdown. Waiting for active requests to complete
2025-02-09 15:10:35 - INFO  - Graceful shutdown complete
2025-02-09 15:10:35 - INFO  - Closing JPA EntityManagerFactory for persistence unit 'default'
2025-02-09 15:10:35 - INFO  - HikariPool-1 - Shutdown initiated...
2025-02-09 15:10:35 - INFO  - HikariPool-1 - Shutdown completed.
